
> easybackup-temp@0.1.0 tauri
> tauri dev

node.exe :      Running BeforeDevCommand (`npm run dev`)
At line:1 char:1
+ & "C:\Program Files\nodejs/node.exe" "C:\Program Files\no
dejs/node_mo ...
+ ~~~~~~~~~~~~~~~~~~~~~~~~~~~~~~~~~~~~~~~~~~~~~~~~~~~~~~~~~
~~~~~~~~~~~~
    + CategoryInfo          : NotSpecified: (     Running  
   Be...(`npm run dev`):String) [], RemoteException
    + FullyQualifiedErrorId : NativeCommandError
 

> easybackup-temp@0.1.0 dev
> vite


  [32m[1mVITE[22m v7.3.1[39m  [2mready in [0m[1m195[22m[2m[0m ms[22m

  [32mÔŞ£[39m  [1mLocal[22m:   [36mhttp://localhost:[1m1420[22m/[39m
     Running DevCommand (`cargo  run --no-default-features 
--color always --`)
        Info Watching C:\Users\Ayberk.DESKTOP-PL3VNE8\Docum
ents\Ayberk\Antigravity Projeler\EasyBackupADB\src-tauri fo
r changes...
[1m[92m   Compiling[0m proc-macro2 v1.0.106
[1m[92m   Compiling[0m quote v1.0.43
[1m[92m   Compiling[0m serde_core v1.0.228
[1m[92m   Compiling[0m zerocopy v0.8.33
[1m[92m   Compiling[0m icu_normalizer_data v2.1.1
[1m[92m   Compiling[0m icu_properties_data v2.1.2
[1m[92m   Compiling[0m serde v1.0.228
[1m[92m   Compiling[0m zmij v1.0.16
[1m[92m   Compiling[0m rand_core v0.6.4
[1m[92m   Compiling[0m phf_shared v0.11.3
[1m[92m   Compiling[0m fnv v1.0.7
[1m[96m    Building[0m [                          ] 11/3
99: fnv, zÔÇĞ
                                                           
[1m[91merror[0m[1m[97m: linker `link.exe` not found[0
m
  [1m[96m|[0m
  [1m[96m= [0m[1m[97mnote[0m: program not found

[1m[96m    Building[0m [                          ] 11/3
99: fnv, zÔÇĞ
                                                           
[1m[92mnote[0m[1m[97m: the msvc targets depend on the 
msvc linker but `link.exe` was not found[0m

[1m[92mnote[0m[1m[97m: please ensure that Visual Studi
o 2017 or later, or Build Tools for Visual Studio were inst
alled with the Visual C++ option.[0m

[1m[92mnote[0m[1m[97m: VS Code is a different product,
 and is not sufficient.[0m

[1m[96m    Building[0m [                          ] 11/3
99: fnv, zÔÇĞ
                                                           
[1m[92m   Compiling[0m siphasher v0.3.11
[1m[96m    Building[0m [                          ] 12/3
99: siphasÔÇĞ
                                                           
[1m[91merror[0m: could not compile `icu_normalizer_data`
 (build script) due to 1 previous error
[1m[93mwarning[0m: build failed, waiting for other jobs 
to finish...
[1m[96m    Building[0m [                          ] 13/3
99: siphasÔÇĞ
                                                           
[1m[91merror[0m: could not compile `icu_properties_data`
 (build script) due to 1 previous error
[1m[96m    Building[0m [                          ] 14/3
99: siphasÔÇĞ
                                                           
[1m[91merror[0m: could not compile `quote` (build script
) due to 1 previous error
[1m[96m    Building[0m [                          ] 15/3
99: siphasÔÇĞ
                                                           
[1m[91merror[0m: could not compile `zmij` (build script)
 due to 1 previous error
[1m[96m    Building[0m [>                         ] 16/3
99: siphasÔÇĞ
                                                           
[1m[91merror[0m: could not compile `serde` (build script
) due to 1 previous error
[1m[96m    Building[0m [>                         ] 17/3
99: siphasÔÇĞ
                                                           
[1m[91merror[0m: could not compile `proc-macro2` (build 
script) due to 1 previous error
[1m[96m    Building[0m [>                         ] 18/3
99: siphasÔÇĞ
[1m[96m    Building[0m [>                         ] 19/3
99: siphasÔÇĞ
                                                           
[1m[91merror[0m: could not compile `serde_core` (build s
cript) due to 1 previous error
[1m[96m    Building[0m [>                         ] 20/3
99: siphasÔÇĞ
                                                           
[1m[91merror[0m: could not compile `serde_core` (build s
cript) due to 1 previous error
[1m[96m    Building[0m [>                         ] 21/3
99: siphasÔÇĞ
[1m[96m    Building[0m [>                         ] 22/3
99: siphasÔÇĞ
                                                           
[1m[91merror[0m: could not compile `zerocopy` (build scr
ipt) due to 1 previous error
[1m[96m    Building[0m [>                         ] 23/3
99: siphasÔÇĞ
                                                           
